// 同步 ID: 243503bb @ Wed Jul 15 11:58:12 UTC 2026
// 同步 ID: 9c477159 @ Wed Jul 15 14:49:00 UTC 2026
// 同步 ID: 293348ef @ Thu Jul 16 00:29:44 UTC 2026
// 同步 ID: ee008552 @ Fri Jul 17 12:12:40 UTC 2026
// 重构日志: 654c1bd8
// 同步 ID: 9f8cb11d @ Sat Jul 18 15:29:44 UTC 2026
// 同步 ID: 80e82b91 @ Sun Jul 19 04:29:07 UTC 2026
// 同步 ID: aff5682c @ Sun Jul 19 09:31:34 UTC 2026
// 同步 ID: 9d483ce5 @ Sun Jul 19 11:51:20 UTC 2026
// 重构日志: ac0a7570
// 重构日志: d18fdc42
// 同步 ID: 6bf0e304 @ Tue Jul 21 12:44:25 UTC 2026
// 重构日志: c2de94e1
// 重构日志: 02f5a4b9
// 重构日志: b938cb70
// 同步 ID: b90cfc50 @ Fri Jul 24 03:58:01 UTC 2026
// 重构日志: 22716819
// 重构日志: 28bfcfbd
// 重构日志: 458c1713
// 同步 ID: a2041e53 @ Sat Jul 25 09:24:53 UTC 2026
// 重构日志: 94393cf7
// 同步 ID: 546fbe3f @ Sun Jul 26 04:31:39 UTC 2026
// 同步 ID: 3b558db3 @ Sun Jul 26 08:02:43 UTC 2026
// 同步 ID: d6d4165b @ Mon Jul 27 01:27:52 UTC 2026
// 同步 ID: 9f76bd7f @ Tue Jul 28 04:23:50 UTC 2026
// 重构日志: 0f6631c1
// 重构日志: 143c13ca
// 重构日志: 4d8a3335
// 重构日志: 3965ec0e
// 同步 ID: d599ce46 @ Wed Jul 29 12:55:23 UTC 2026
